[2026-10-01T09:40:11Z] === ENRICH ITERATION 1 START | repo=block/schemabot sha=c48f53a7 ===
[2026-10-01T09:40:11Z] [iter=1] PHASE START: enrich repo=block/schemabot sha=c48f53a7 runlog=/home/runner/work/forx/forx/storage/aggregate/lsp/logs/c48f53a7-enrich-iter-001.log output=/home/runner/work/forx/forx/storage/aggregate/lsp/c48f53a70e207b527d383e8e08709db858246e5e.nq.gz
[2026-10-01T09:43:11Z] [iter=1] Step 1: Loading AST into disk-backed store mem_mb=113 MB
[2026-10-01T09:44:37Z] [iter=1] AST store loaded triples=8269987 load_secs=83 mem_mb=1062 MB
[2026-10-01T09:44:37Z] [iter=1] Step 2: Finding LSP targets mem_mb=1062 MB
[2026-10-01T09:44:45Z] [iter=1] LSP targets found call_sites=65457 imports=9 extends=0 implements=0 secs=8
[2026-10-01T09:44:46Z] [iter=1] Step 2.7: Building position index (one-shot, shared across resolvers) mem_mb=1062 MB
[2026-10-01T09:45:40Z] [iter=1] Position index built positions=556415 nodes_with_types=659119 secs=54 mem_mb=1398 MB
[2026-10-01T09:45:40Z] [iter=1] Step 3: Starting LSP resolution mem_mb=1398 MB already_completed_types=[] already_completed_files=0
[2026-10-01T09:45:40Z] [iter=1] Resolving target type target_type=call_site count=65457
[2026-10-01T09:45:49Z] [iter=1] HEARTBEAT target_type=call_site elapsed_min=5.6 files_done=0 resolved=0 errors=65457 current=deploy/aws-multi-env/scripts/setup-multi-db.sh
[2026-10-01T09:48:59Z] [iter=1] HEARTBEAT target_type=call_site elapsed_min=8.8 files_done=2 resolved=0 errors=65513 current=deploy/aws/scripts/shell.sh
[2026-10-01T09:50:24Z] [iter=1] HEARTBEAT target_type=call_site elapsed_min=10.2 files_done=6 resolved=0 errors=65538 current=deploy/aws/scripts/setup-multi-db.sh
[2026-10-01T09:52:00Z] [iter=1] HEARTBEAT target_type=call_site elapsed_min=11.8 files_done=20 resolved=85 errors=65565 current=scripts/test_gen_doc_toc.py
[2026-10-01T09:53:32Z] [iter=1] Target type resolved target_type=call_site resolved=156 errors=65592 secs=472 mem_mb=1403 MB
[2026-10-01T09:53:32Z] [iter=1] Resolving target type target_type=import_statement count=9
[2026-10-01T09:53:33Z] [iter=1] HEARTBEAT target_type=import_statement elapsed_min=13.4 files_done=0 resolved=0 errors=0 current=scripts/test_gen_doc_toc.py
[2026-10-01T09:53:34Z] [iter=1] Target type resolved target_type=import_statement resolved=9 errors=0 secs=1 mem_mb=1403 MB
[2026-10-01T09:53:38Z] [iter=1] Step 5: Writing final enrichment file triples=4866
[2026-10-01T09:53:38Z] [iter=1] Enrichment file written path=/home/runner/work/forx/forx/storage/aggregate/lsp/c48f53a70e207b527d383e8e08709db858246e5e.nq.gz size_kb=75
[2026-10-01T09:53:38Z] [iter=1] PHASE END: enrich elapsed_s=807 elapsed_min=13.4 total_triples=4866
